<html>
<body>
<pre>
<h1>µVision Build Log</h1>
<h2>Tool Versions:</h2>
IDE-Version: ÂµVision V5.38.0.0
Copyright (C) 2022 ARM Ltd and ARM Germany GmbH. All rights reserved.
License Information: Long Huy, haha, LIC=9WSKC-715WC-X7ZRZ-JFL1N-JNC0G-LUA79
 
Tool Versions:
Toolchain:       MDK-ARM Plus  Version: 5.29.0.0
Toolchain Path:  D:\keilc\ARM\ARMCC\Bin
C Compiler:      Armcc.exe V5.06 update 6 (build 750)
Assembler:       Armasm.exe V5.06 update 6 (build 750)
Linker/Locator:  ArmLink.exe V5.06 update 6 (build 750)
Library Manager: ArmAr.exe V5.06 update 6 (build 750)
Hex Converter:   FromElf.exe V5.06 update 6 (build 750)
CPU DLL:         SARMCM3.DLL V5.29.0.0
Dialog DLL:      DCM.DLL V1.17.3.0
Target DLL:      STLink\ST-LINKIII-KEIL_SWO.dll V3.0.7.0
Dialog DLL:      TCM.DLL V1.36.5.0
 
<h2>Project:</h2>
D:\keilc\projectstm32\rbs\MDK-ARM\rbs.uvprojx
Project File Date:  09/14/2026

<h2>Output:</h2>
*** Using Compiler 'V5.06 update 6 (build 750)', folder: 'D:\keilc\ARM\ARMCC\Bin'
Build target 'rbs'
compiling main.c...
../Core/Src/main.c(80): warning:  #550-D: variable "g_boot_was_iwdg_reset"  was set but never used
  static uint8_t g_boot_was_iwdg_reset = 0U;
../Core/Src/main.c(81): warning:  #550-D: variable "g_iwdg_start_tick_ms"  was set but never used
  static uint32_t g_iwdg_start_tick_ms = 0U;
../Core/Src/main.c: 2 warnings, 0 errors
linking...
Program Size: Code=11282 RO-data=338 RW-data=52 ZI-data=3620  
FromELF: creating hex file...
"rbs\rbs.axf" - 0 Error(s), 2 Warning(s).

<h2>Software Packages used:</h2>

Package Vendor: ARM
                http://www.keil.com/pack/ARM.CMSIS.5.6.0.pack
                ARM.CMSIS.5.6.0
                CMSIS (Cortex Microcontroller Software Interface Standard)
   * Component: CORE Version: 5.3.0

Package Vendor: Keil
                https://www.keil.com/pack/Keil.STM32F1xx_DFP.2.4.1.pack
                Keil.STM32F1xx_DFP.2.4.1
                STMicroelectronics STM32F1 Series Device Support, Drivers and Examples

<h2>Collection of Component include folders:</h2>
  ./RTE/_rbs
  D:/keilc/ARM/CMSIS/5.6.0/CMSIS/Core/Include
  D:/keilc/Keil/STM32F1xx_DFP/2.4.1/Device/Include

<h2>Collection of Component Files used:</h2>

   * Component: ARM::CMSIS:CORE:5.3.0
Build Time Elapsed:  00:00:01
</pre>
</body>
</html>
